<html>
<body>
<pre>
<h1>µVision Build Log</h1>
<h2>Tool Versions:</h2>
IDE-Version: µVision V5.29.0.0
Copyright (C) 2019 ARM Ltd and ARM Germany GmbH. All rights reserved.
License Information: arafa arafa, hello, LIC=----
 
Tool Versions:
Toolchain:       MDK-Lite  Version: 5.29.0.0
Toolchain Path:  C:\Keil_v5\ARM\ARMCC\Bin
C Compiler:      Armcc.exe V5.06 update 6 (build 750)
Assembler:       Armasm.exe V5.06 update 6 (build 750)
Linker/Locator:  ArmLink.exe V5.06 update 6 (build 750)
Library Manager: ArmAr.exe V5.06 update 6 (build 750)
Hex Converter:   FromElf.exe V5.06 update 6 (build 750)
CPU DLL:         SARMCM3.DLL V5.29.0.0
Dialog DLL:      DCM.DLL V1.17.3.0
Target DLL:      lmidk-agdi.dll V???
Dialog DLL:      TCM.DLL V1.36.5.0
 
<h2>Project:</h2>
D:\ARM_Project\Tiva_c\Car_control\Car_control.uvprojx
Project File Date:  06/24/2023

<h2>Output:</h2>
*** Using Compiler 'V5.06 update 6 (build 750)', folder: 'C:\Keil_v5\ARM\ARMCC\Bin'
Build target 'Target 1'
compiling DIO_prog.c...
MCAL\DIO\../../STD_LIBRARIES/STD_TYPES.h(64): warning:  #1-D: last line of file ends without a newline
  #endif /* STD_TYPES_H_ */
MCAL\DIO\DIO_private.h(42): warning:  #1-D: last line of file ends without a newline
  #endif
MCAL\DIO\DIO_interface.h(99): warning:  #1-D: last line of file ends without a newline
  #endif
MCAL\DIO\../../STD_LIBRARIES/bit_math.h(66): warning:  #1-D: last line of file ends without a newline
  #endif /* BIT_MATH_H_ */
MCAL\DIO\DIO_prog.c: 4 warnings, 0 errors
compiling Button.c...
HAL\BUTTON\../../MCAL/DIO/DIO_interface.h(99): warning:  #1-D: last line of file ends without a newline
  #endif
HAL\BUTTON\../../MCAL/EXIT/../NVIC/NVIC_interface.h(52): warning:  #1-D: last line of file ends without a newline
  #endif
HAL\BUTTON\../../MCAL/EXIT/../../STD_LIBRARIES/STD_TYPES.h(64): warning:  #1-D: last line of file ends without a newline
  #endif /* STD_TYPES_H_ */
HAL\BUTTON\../../MCAL/EXIT/../../STD_LIBRARIES/bit_math.h(66): warning:  #1-D: last line of file ends without a newline
  #endif /* BIT_MATH_H_ */
HAL\BUTTON\../../MCAL/EXIT/EXIT_interface.h(47): warning:  #1-D: last line of file ends without a newline
  #endif
HAL\BUTTON\Button.c: 5 warnings, 0 errors
compiling APP.c...
APP\APP.h(10): warning:  #1-D: last line of file ends without a newline
  #endif
APP\APP.c(13): warning:  #1-D: last line of file ends without a newline
  }
APP\APP.c: 2 warnings, 0 errors
compiling EXIT_prog.c...
MCAL\EXIT\../../STD_LIBRARIES/STD_TYPES.h(64): warning:  #1-D: last line of file ends without a newline
  #endif /* STD_TYPES_H_ */
MCAL\EXIT\../DIO/DIO_private.h(42): warning:  #1-D: last line of file ends without a newline
  #endif
MCAL\EXIT\EXIT_private.h(21): warning:  #1-D: last line of file ends without a newline
  #endif
MCAL\EXIT\../DIO/DIO_interface.h(99): warning:  #1-D: last line of file ends without a newline
  #endif
MCAL\EXIT\../NVIC/NVIC_interface.h(52): warning:  #1-D: last line of file ends without a newline
  #endif
MCAL\EXIT\../../STD_LIBRARIES/bit_math.h(66): warning:  #1-D: last line of file ends without a newline
  #endif /* BIT_MATH_H_ */
MCAL\EXIT\EXIT_interface.h(47): warning:  #1-D: last line of file ends without a newline
  #endif
MCAL\EXIT\EXIT_prog.c: 7 warnings, 0 errors
compiling NVIC_prog.c...
MCAL\NVIC\../../STD_LIBRARIES/STD_TYPES.h(64): warning:  #1-D: last line of file ends without a newline
  #endif /* STD_TYPES_H_ */
MCAL\NVIC\../../STD_LIBRARIES/bit_math.h(66): warning:  #1-D: last line of file ends without a newline
  #endif /* BIT_MATH_H_ */
MCAL\NVIC\NVIC_private.h(24): warning:  #1-D: last line of file ends without a newline
  #endif
MCAL\NVIC\NVIC_interface.h(52): warning:  #1-D: last line of file ends without a newline
  #endif
MCAL\NVIC\NVIC_prog.c: 4 warnings, 0 errors
compiling SYS_CONTROL_prog.c...
MCAL\SYS_CONTROL\../../STD_LIBRARIES/STD_TYPES.h(64): warning:  #1-D: last line of file ends without a newline
  #endif /* STD_TYPES_H_ */
MCAL\SYS_CONTROL\../../STD_LIBRARIES/bit_math.h(66): warning:  #1-D: last line of file ends without a newline
  #endif /* BIT_MATH_H_ */
MCAL\SYS_CONTROL\SYS_CONTROL_interface.h(26): warning:  #1-D: last line of file ends without a newline
  #endif
MCAL\SYS_CONTROL\SYS_CONTROL_private.h(18): warning:  #1-D: last line of file ends without a newline
  #endif
MCAL\SYS_CONTROL\SYS_CONTROL_prog.c: 4 warnings, 0 errors
compiling main.c...
main.c(9): warning:  #111-D: statement is unreachable
  return 0;
main.c: 1 warning, 0 errors
assembling startup_TM4C123.s...
compiling system_TM4C123.c...
linking...
Program Size: Code=700 RO-data=636 RW-data=0 ZI-data=608  
".\Objects\Car_control.axf" - 0 Error(s), 27 Warning(s).

<h2>Software Packages used:</h2>

Package Vendor: ARM
                http://www.keil.com/pack/ARM.CMSIS.5.6.0.pack
                ARM.CMSIS.5.6.0
                CMSIS (Cortex Microcontroller Software Interface Standard)
   * Component: CORE Version: 5.3.0

Package Vendor: Keil
                http://www.keil.com/pack/Keil.TM4C_DFP.1.1.0.pack
                Keil.TM4C_DFP.1.1.0
                Texas Instruments Tiva C Series Device Support and Examples
   * Component: Startup Version: 1.0.1

<h2>Collection of Component include folders:</h2>
  .\RTE\_Target_1
  C:\Users\Arafa\AppData\Local\Arm\Packs\ARM\CMSIS\5.6.0\CMSIS\Core\Include
  C:\Users\Arafa\AppData\Local\Arm\Packs\Keil\TM4C_DFP\1.1.0\Device\Include\TM4C123

<h2>Collection of Component Files used:</h2>

   * Component: ARM::CMSIS:CORE:5.3.0

   * Component: Keil::Device:Startup:1.0.1
      Include file:  Device\Include\TM4C123\TM4C123.h
      Source file:   Device\Source\system_TM4C123.c
      Source file:   Device\Source\ARM\startup_TM4C123.s
Build Time Elapsed:  00:00:01
</pre>
</body>
</html>
